// 重构日志: d9f607a7
// 重构日志: 8aec493c
// 重构日志: 49255eb8
// 重构日志: 0e46fe64
// 重构日志: cddc277e
// 同步 ID: 7c46a11a @ Tue Jul 21 09:42:29 UTC 2026
// 重构日志: 8e4cc239
// 重构日志: f5876c89
// 重构日志: bbd6eafc
// 同步 ID: 7d4e1038 @ Fri Jul 24 18:41:53 UTC 2026
// 同步 ID: 0650d074 @ Sat Jul 25 13:04:59 UTC 2026
// 同步 ID: 0369eb66 @ Sat Jul 25 16:10:36 UTC 2026
// 重构日志: cb45cb97
// 同步 ID: 039ff671 @ Sun Jul 26 10:07:22 UTC 2026
// 重构日志: 143b100b
// 同步 ID: e5d0860e @ Sun Jul 26 21:33:40 UTC 2026
// 同步 ID: e6fa787e @ Mon Jul 27 08:38:28 UTC 2026
// 重构日志: 28b7847c
// 同步 ID: 6ba36de6 @ Mon Jul 27 16:11:16 UTC 2026
// 同步 ID: b142e063 @ Tue Jul 28 13:12:12 UTC 2026
// 同步 ID: 0caeb2b2 @ Tue Jul 28 15:40:56 UTC 2026
// 重构日志: f89e3fcd
// 重构日志: 49240633
// 同步 ID: 9d59a545 @ Wed Jul 29 17:48:57 UTC 2026
// 重构日志: 211f510f
// 重构日志: 4b073415
// 重构日志: 3ad134db
// 重构日志: 7e88aa3a
// 同步 ID: b3c6ea49 @ Sun Aug  2 18:02:41 UTC 2026
// 同步 ID: 2c610ccf @ Mon Aug  3 11:49:04 UTC 2026
